#
# There is insufficient memory for the Java Runtime Environment to continue.
# Native memory allocation (malloc) failed to allocate 1664096 bytes. Error detail: Chunk::new
# Possible reasons:
#   The system is out of physical RAM or swap space
#   This process is running with CompressedOops enabled, and the Java Heap may be blocking the growth of the native heap
# Possible solutions:
#   Reduce memory load on the system
#   Increase physical memory or swap space
#   Check if swap backing store is full
#   Decrease Java heap size (-Xmx/-Xms)
#   Decrease number of Java threads
#   Decrease Java thread stack sizes (-Xss)
#   Set larger code cache with -XX:ReservedCodeCacheSize=
#   JVM is running with Unscaled Compressed Oops mode in which the Java heap is
#     placed in the first 4GB address space. The Java Heap base address is the
#     maximum limit for the native heap growth. Please use -XX:HeapBaseMinAddress
#     to set the Java Heap base and to place the Java Heap above 4GB virtual address.
# This output file may be truncated or incomplete.
#
#  Out of Memory Error (arena.cpp:191), pid=17384, tid=8928
#
# JRE version: OpenJDK Runtime Environment JBR-17.0.11+1-1312.2-nomod (17.0.11+1) (build 17.0.11+1-b1312.2)
# Java VM: OpenJDK 64-Bit Server VM JBR-17.0.11+1-1312.2-nomod (17.0.11+1-b1312.2, mixed mode, sharing, tiered, compressed oops, compressed class ptrs, g1 gc, windows-amd64)
# No core dump will be written. Minidumps are not enabled by default on client versions of Windows
#

---------------  S U M M A R Y ------------

Command Line: org.jetbrains.kotlin.cli.jvm.K2JVMCompiler @C:\Users\irfan\AndroidStudioProjects\RentEase\app\build\20250222_4294019035245693621.compiler.options

Host: Intel(R) Core(TM) i7-5500U CPU @ 2.40GHz, 4 cores, 7G,  Windows 11 , 64 bit Build 22621 (10.0.22621.3958)
Time: Sat Feb 22 02:47:24 2025 Pakistan Standard Time elapsed time: 15.807910 seconds (0d 0h 0m 15s)

---------------  T H R E A D  ---------------

Current thread (0x0000028fe8a760b0):  JavaThread "C2 CompilerThread1" daemon [_thread_in_native, id=8928, stack(0x000000e79d100000,0x000000e79d200000)]


Current CompileTask:
C2:  15808 12131       4       org.jetbrains.kotlin.ir.util.TypeTranslator::translateType (628 bytes)

Stack: [0x000000e79d100000,0x000000e79d200000]
Native frames: (J=compiled Java code, j=interpreted, Vv=VM code, C=native code)
V  [jvm.dll+0x687839]
V  [jvm.dll+0x8411ea]
V  [jvm.dll+0x842e6e]
V  [jvm.dll+0x8434d3]
V  [jvm.dll+0x249faf]
V  [jvm.dll+0xac544]
V  [jvm.dll+0xacb8c]
V  [jvm.dll+0x369867]
V  [jvm.dll+0x333d9a]
V  [jvm.dll+0x33323a]
V  [jvm.dll+0x21bb51]
V  [jvm.dll+0x21af91]
V  [jvm.dll+0x1a637d]
V  [jvm.dll+0x22ae5e]
V  [jvm.dll+0x228fe5]
V  [jvm.dll+0x7f53e7]
V  [jvm.dll+0x7ef7ea]
V  [jvm.dll+0x6866b5]
C  [ucrtbase.dll+0x29333]
C  [KERNEL32.DLL+0x1257d]
C  [ntdll.dll+0x5af08]


---------------  P R O C E S S  ---------------

Threads class SMR info:
_java_thread_list=0x0000028fe8524680, length=13, elements={
0x0000028fced39520, 0x0000028fe851b200, 0x0000028fe851c820, 0x0000028fe85327a0,
0x0000028fe8533360, 0x0000028fe853a8e0, 0x0000028fe853e8b0, 0x0000028fe854ae80,
0x0000028fe856c0e0, 0x0000028fe856d280, 0x0000028fe88d7b60, 0x0000028fe88da730,
0x0000028fe8a760b0
}

Java Threads: ( => current thread )
  0x0000028fced39520 JavaThread "main" [_thread_in_Java, id=13904, stack(0x000000e79be00000,0x000000e79bf00000)]
  0x0000028fe851b200 JavaThread "Reference Handler" daemon [_thread_blocked, id=14080, stack(0x000000e79c500000,0x000000e79c600000)]
  0x0000028fe851c820 JavaThread "Finalizer" daemon [_thread_blocked, id=10360, stack(0x000000e79c600000,0x000000e79c700000)]
  0x0000028fe85327a0 JavaThread "Signal Dispatcher" daemon [_thread_blocked, id=5720, stack(0x000000e79c700000,0x000000e79c800000)]
  0x0000028fe8533360 JavaThread "Attach Listener" daemon [_thread_blocked, id=10052, stack(0x000000e79c800000,0x000000e79c900000)]
  0x0000028fe853a8e0 JavaThread "Service Thread" daemon [_thread_blocked, id=13444, stack(0x000000e79c900000,0x000000e79ca00000)]
  0x0000028fe853e8b0 JavaThread "Monitor Deflation Thread" daemon [_thread_blocked, id=6468, stack(0x000000e79ca00000,0x000000e79cb00000)]
  0x0000028fe854ae80 JavaThread "C2 CompilerThread0" daemon [_thread_in_native, id=7672, stack(0x000000e79cb00000,0x000000e79cc00000)]
  0x0000028fe856c0e0 JavaThread "C1 CompilerThread0" daemon [_thread_blocked, id=6876, stack(0x000000e79cc00000,0x000000e79cd00000)]
  0x0000028fe856d280 JavaThread "Sweeper thread" daemon [_thread_blocked, id=7048, stack(0x000000e79cd00000,0x000000e79ce00000)]
  0x0000028fe88d7b60 JavaThread "Notification Thread" daemon [_thread_blocked, id=16560, stack(0x000000e79ce00000,0x000000e79cf00000)]
  0x0000028fe88da730 JavaThread "Common-Cleaner" daemon [_thread_blocked, id=9368, stack(0x000000e79d000000,0x000000e79d100000)]
=>0x0000028fe8a760b0 JavaThread "C2 CompilerThread1" daemon [_thread_in_native, id=8928, stack(0x000000e79d100000,0x000000e79d200000)]

Other Threads:
  0x0000028fe8514a40 VMThread "VM Thread" [stack: 0x000000e79c400000,0x000000e79c500000] [id=11596]
  0x0000028fe88d9450 WatcherThread [stack: 0x000000e79cf00000,0x000000e79d000000] [id=15940]
  0x0000028fced93e60 GCTaskThread "GC Thread#0" [stack: 0x000000e79bf00000,0x000000e79c000000] [id=16852]
  0x0000028fed0f4350 GCTaskThread "GC Thread#1" [stack: 0x000000e79d200000,0x000000e79d300000] [id=15924]
  0x0000028fed0f4610 GCTaskThread "GC Thread#2" [stack: 0x000000e79d300000,0x000000e79d400000] [id=12280]
  0x0000028fed11c740 GCTaskThread "GC Thread#3" [stack: 0x000000e79d400000,0x000000e79d500000] [id=14652]
  0x0000028fceda4b30 ConcurrentGCThread "G1 Main Marker" [stack: 0x000000e79c000000,0x000000e79c100000] [id=11964]
  0x0000028fceda5cf0 ConcurrentGCThread "G1 Conc#0" [stack: 0x000000e79c100000,0x000000e79c200000] [id=11584]
  0x0000028fe83d24c0 ConcurrentGCThread "G1 Refine#0" [stack: 0x000000e79c200000,0x000000e79c300000] [id=8064]
  0x0000028fef5891a0 ConcurrentGCThread "G1 Refine#1" [stack: 0x000000e79d500000,0x000000e79d600000] [id=5896]
  0x0000028fe83d2ef0 ConcurrentGCThread "G1 Service" [stack: 0x000000e79c300000,0x000000e79c400000] [id=12640]

Threads with active compile tasks:
C2 CompilerThread0    15926 12125       4       org.jetbrains.kotlin.resolve.calls.inference.components.NewTypeSubstitutor::substitute (1067 bytes)
C2 CompilerThread1    15926 12131       4       org.jetbrains.kotlin.ir.util.TypeTranslator::translateType (628 bytes)

VM state: not at safepoint (normal execution)

VM Mutex/Monitor currently owned by a thread: None

Heap address: 0x0000000081400000, size: 2028 MB, Compressed Oops mode: 32-bit

CDS archive(s) mapped at: [0x0000028f80000000-0x0000028f80c00000-0x0000028f80c00000), size 12582912, SharedBaseAddress: 0x0000028f80000000, ArchiveRelocationMode: 1.
Compressed class space mapped at: 0x0000028f81000000-0x0000028fc1000000, reserved size: 1073741824
Narrow klass base: 0x0000028f80000000, Narrow klass shift: 0, Narrow klass range: 0x100000000

GC Precious Log:
 CPUs: 4 total, 4 available
 Memory: 8106M
 Large Page Support: Disabled
 NUMA Support: Disabled
 Compressed Oops: Enabled (32-bit)
 Heap Region Size: 1M
 Heap Min Capacity: 8M
 Heap Initial Capacity: 128M
 Heap Max Capacity: 2028M
 Pre-touch: Disabled
 Parallel Workers: 4
 Concurrent Workers: 1
 Concurrent Refinement Workers: 4
 Periodic GC: Disabled

Heap:
 garbage-first heap   total 184320K, used 73317K [0x0000000081400000, 0x0000000100000000)
  region size 1024K, 6 young (6144K), 2 survivors (2048K)
 Metaspace       used 67105K, committed 67392K, reserved 1114112K
  class space    used 7512K, committed 7616K, reserved 1048576K

Heap Regions: E=young(eden), S=young(survivor), O=old, HS=humongous(starts), HC=humongous(continues), CS=collection set, F=free, OA=open archive, CA=closed archive, TAMS=top-at-mark-start (previous, next)
|   0|0x0000000081400000, 0x0000000081500000, 0x0000000081500000|100%|HS|  |TAMS 0x0000000081500000, 0x0000000081400000| Complete 
|   1|0x0000000081500000, 0x0000000081600000, 0x0000000081600000|100%|HC|  |TAMS 0x0000000081600000, 0x0000000081500000| Complete 
|   2|0x0000000081600000, 0x0000000081700000, 0x0000000081700000|100%|HC|  |TAMS 0x0000000081700000, 0x0000000081600000| Complete 
|   3|0x0000000081700000, 0x0000000081800000, 0x0000000081800000|100%|HC|  |TAMS 0x0000000081800000, 0x0000000081700000| Complete 
|   4|0x0000000081800000, 0x0000000081900000, 0x0000000081900000|100%| O|  |TAMS 0x0000000081900000, 0x0000000081800000| Untracked 
|   5|0x0000000081900000, 0x0000000081a00000, 0x0000000081a00000|100%| O|  |TAMS 0x0000000081a00000, 0x0000000081900000| Untracked 
|   6|0x0000000081a00000, 0x0000000081a5b800, 0x0000000081b00000| 35%| O|  |TAMS 0x0000000081a5b800, 0x0000000081a00000| Untracked 
|   7|0x0000000081b00000, 0x0000000081c00000, 0x0000000081c00000|100%| O|  |TAMS 0x0000000081c00000, 0x0000000081b00000| Untracked 
|   8|0x0000000081c00000, 0x0000000081d00000, 0x0000000081d00000|100%| O|  |TAMS 0x0000000081d00000, 0x0000000081c00000| Untracked 
|   9|0x0000000081d00000, 0x0000000081e00000, 0x0000000081e00000|100%| O|  |TAMS 0x0000000081e00000, 0x0000000081d00000| Untracked 
|  10|0x0000000081e00000, 0x0000000081f00000, 0x0000000081f00000|100%| O|  |TAMS 0x0000000081f00000, 0x0000000081e00000| Untracked 
|  11|0x0000000081f00000, 0x0000000082000000, 0x0000000082000000|100%| O|  |TAMS 0x0000000082000000, 0x0000000081f00000| Untracked 
|  12|0x0000000082000000, 0x0000000082100000, 0x0000000082100000|100%| O|  |TAMS 0x0000000082100000, 0x0000000082000000| Untracked 
|  13|0x0000000082100000, 0x0000000082200000, 0x0000000082200000|100%| O|  |TAMS 0x0000000082200000, 0x0000000082100000| Untracked 
|  14|0x0000000082200000, 0x0000000082300000, 0x0000000082300000|100%| O|  |TAMS 0x0000000082300000, 0x0000000082200000| Untracked 
|  15|0x0000000082300000, 0x0000000082400000, 0x0000000082400000|100%| O|  |TAMS 0x0000000082400000, 0x0000000082300000| Untracked 
|  16|0x0000000082400000, 0x0000000082500000, 0x0000000082500000|100%| O|  |TAMS 0x0000000082500000, 0x0000000082400000| Untracked 
|  17|0x0000000082500000, 0x0000000082500000, 0x0000000082600000|  0%| F|  |TAMS 0x0000000082500000, 0x0000000082500000| Untracked 
|  18|0x0000000082600000, 0x0000000082700000, 0x0000000082700000|100%|HS|  |TAMS 0x0000000082700000, 0x0000000082600000| Complete 
|  19|0x0000000082700000, 0x0000000082800000, 0x0000000082800000|100%|HC|  |TAMS 0x0000000082800000, 0x0000000082700000| Complete 
|  20|0x0000000082800000, 0x0000000082900000, 0x0000000082900000|100%| O|  |TAMS 0x0000000082900000, 0x0000000082800000| Untracked 
|  21|0x0000000082900000, 0x0000000082a00000, 0x0000000082a00000|100%| O|  |TAMS 0x0000000082a00000, 0x0000000082900000| Untracked 
|  22|0x0000000082a00000, 0x0000000082b00000, 0x0000000082b00000|100%| O|  |TAMS 0x0000000082b00000, 0x0000000082a00000| Untracked 
|  23|0x0000000082b00000, 0x0000000082c00000, 0x0000000082c00000|100%| O|  |TAMS 0x0000000082c00000, 0x0000000082b00000| Untracked 
|  24|0x0000000082c00000, 0x0000000082d00000, 0x0000000082d00000|100%| O|  |TAMS 0x0000000082d00000, 0x0000000082c00000| Untracked 
|  25|0x0000000082d00000, 0x0000000082e00000, 0x0000000082e00000|100%| O|  |TAMS 0x0000000082e00000, 0x0000000082d00000| Untracked 
|  26|0x0000000082e00000, 0x0000000082f00000, 0x0000000082f00000|100%| O|  |TAMS 0x0000000082f00000, 0x0000000082e00000| Untracked 
|  27|0x0000000082f00000, 0x0000000083000000, 0x0000000083000000|100%| O|  |TAMS 0x0000000083000000, 0x0000000082f00000| Untracked 
|  28|0x0000000083000000, 0x0000000083100000, 0x0000000083100000|100%| O|  |TAMS 0x0000000083100000, 0x0000000083000000| Untracked 
|  29|0x0000000083100000, 0x0000000083200000, 0x0000000083200000|100%| O|  |TAMS 0x0000000083200000, 0x0000000083100000| Untracked 
|  30|0x0000000083200000, 0x0000000083300000, 0x0000000083300000|100%| O|  |TAMS 0x0000000083300000, 0x0000000083200000| Untracked 
|  31|0x0000000083300000, 0x0000000083400000, 0x0000000083400000|100%| O|  |TAMS 0x0000000083400000, 0x0000000083300000| Untracked 
|  32|0x0000000083400000, 0x0000000083500000, 0x0000000083500000|100%| O|  |TAMS 0x0000000083500000, 0x0000000083400000| Untracked 
|  33|0x0000000083500000, 0x0000000083600000, 0x0000000083600000|100%| O|  |TAMS 0x0000000083600000, 0x0000000083500000| Untracked 
|  34|0x0000000083600000, 0x0000000083700000, 0x0000000083700000|100%| O|  |TAMS 0x0000000083700000, 0x0000000083600000| Untracked 
|  35|0x0000000083700000, 0x0000000083800000, 0x0000000083800000|100%| O|  |TAMS 0x0000000083800000, 0x0000000083700000| Untracked 
|  36|0x0000000083800000, 0x0000000083900000, 0x0000000083900000|100%| O|  |TAMS 0x0000000083900000, 0x0000000083800000| Untracked 
|  37|0x0000000083900000, 0x0000000083a00000, 0x0000000083a00000|100%| O|  |TAMS 0x0000000083a00000, 0x0000000083900000| Untracked 
|  38|0x0000000083a00000, 0x0000000083b00000, 0x0000000083b00000|100%| O|  |TAMS 0x0000000083b00000, 0x0000000083a00000| Untracked 
|  39|0x0000000083b00000, 0x0000000083c00000, 0x0000000083c00000|100%| O|  |TAMS 0x0000000083c00000, 0x0000000083b00000| Untracked 
|  40|0x0000000083c00000, 0x0000000083d00000, 0x0000000083d00000|100%| O|  |TAMS 0x0000000083d00000, 0x0000000083c00000| Untracked 
|  41|0x0000000083d00000, 0x0000000083e00000, 0x0000000083e00000|100%| O|  |TAMS 0x0000000083e00000, 0x0000000083d00000| Untracked 
|  42|0x0000000083e00000, 0x0000000083f00000, 0x0000000083f00000|100%| O|  |TAMS 0x0000000083f00000, 0x0000000083e00000| Untracked 
|  43|0x0000000083f00000, 0x0000000084000000, 0x0000000084000000|100%| O|  |TAMS 0x0000000084000000, 0x0000000083f00000| Untracked 
|  44|0x0000000084000000, 0x0000000084100000, 0x0000000084100000|100%| O|  |TAMS 0x0000000084100000, 0x0000000084000000| Untracked 
|  45|0x0000000084100000, 0x0000000084200000, 0x0000000084200000|100%| O|  |TAMS 0x0000000084200000, 0x0000000084100000| Untracked 
|  46|0x0000000084200000, 0x0000000084300000, 0x0000000084300000|100%| O|  |TAMS 0x0000000084300000, 0x0000000084200000| Untracked 
|  47|0x0000000084300000, 0x0000000084400000, 0x0000000084400000|100%| O|  |TAMS 0x0000000084400000, 0x0000000084300000| Untracked 
|  48|0x0000000084400000, 0x0000000084500000, 0x0000000084500000|100%| O|  |TAMS 0x0000000084500000, 0x0000000084400000| Untracked 
|  49|0x0000000084500000, 0x0000000084600000, 0x0000000084600000|100%| O|  |TAMS 0x0000000084600000, 0x0000000084500000| Untracked 
|  50|0x0000000084600000, 0x0000000084700000, 0x0000000084700000|100%| O|  |TAMS 0x0000000084700000, 0x0000000084600000| Untracked 
|  51|0x0000000084700000, 0x0000000084800000, 0x0000000084800000|100%| O|  |TAMS 0x0000000084800000, 0x0000000084700000| Untracked 
|  52|0x0000000084800000, 0x0000000084900000, 0x0000000084900000|100%| O|  |TAMS 0x0000000084900000, 0x0000000084800000| Untracked 
|  53|0x0000000084900000, 0x0000000084a00000, 0x0000000084a00000|100%| O|  |TAMS 0x0000000084a00000, 0x0000000084900000| Untracked 
|  54|0x0000000084a00000, 0x0000000084b00000, 0x0000000084b00000|100%| O|  |TAMS 0x0000000084ae2400, 0x0000000084a00000| Untracked 
|  55|0x0000000084b00000, 0x0000000084c00000, 0x0000000084c00000|100%| O|  |TAMS 0x0000000084b00000, 0x0000000084b00000| Untracked 
|  56|0x0000000084c00000, 0x0000000084d00000, 0x0000000084d00000|100%| O|  |TAMS 0x0000000084c00000, 0x0000000084c00000| Untracked 
|  57|0x0000000084d00000, 0x0000000084e00000, 0x0000000084e00000|100%| O|  |TAMS 0x0000000084d00000, 0x0000000084d00000| Untracked 
|  58|0x0000000084e00000, 0x0000000084f00000, 0x0000000084f00000|100%| O|  |TAMS 0x0000000084e00000, 0x0000000084e00000| Untracked 
|  59|0x0000000084f00000, 0x0000000085000000, 0x0000000085000000|100%| O|  |TAMS 0x0000000084f00000, 0x0000000084f00000| Untracked 
|  60|0x0000000085000000, 0x0000000085100000, 0x0000000085100000|100%| O|  |TAMS 0x0000000085000000, 0x0000000085000000| Untracked 
|  61|0x0000000085100000, 0x0000000085200000, 0x0000000085200000|100%| O|  |TAMS 0x0000000085100000, 0x0000000085100000| Untracked 
|  62|0x0000000085200000, 0x0000000085300000, 0x0000000085300000|100%| O|  |TAMS 0x0000000085200000, 0x0000000085200000| Untracked 
|  63|0x0000000085300000, 0x0000000085400000, 0x0000000085400000|100%| O|  |TAMS 0x0000000085300000, 0x0000000085300000| Untracked 
|  64|0x0000000085400000, 0x0000000085500000, 0x0000000085500000|100%| O|  |TAMS 0x0000000085400000, 0x0000000085400000| Untracked 
|  65|0x0000000085500000, 0x0000000085600000, 0x0000000085600000|100%| O|  |TAMS 0x0000000085500000, 0x0000000085500000| Untracked 
|  66|0x0000000085600000, 0x0000000085700000, 0x0000000085700000|100%| O|  |TAMS 0x0000000085600000, 0x0000000085600000| Untracked 
|  67|0x0000000085700000, 0x0000000085800000, 0x0000000085800000|100%| O|  |TAMS 0x0000000085700000, 0x0000000085700000| Untracked 
|  68|0x0000000085800000, 0x00000000858cc000, 0x0000000085900000| 79%| O|  |TAMS 0x0000000085800000, 0x0000000085800000| Untracked 
|  69|0x0000000085900000, 0x0000000085900000, 0x0000000085a00000|  0%| F|  |TAMS 0x0000000085900000, 0x0000000085900000| Untracked 
|  70|0x0000000085a00000, 0x0000000085a00000, 0x0000000085b00000|  0%| F|  |TAMS 0x0000000085a00000, 0x0000000085a00000| Untracked 
|  71|0x0000000085b00000, 0x0000000085b00000, 0x0000000085c00000|  0%| F|  |TAMS 0x0000000085b00000, 0x0000000085b00000| Untracked 
|  72|0x0000000085c00000, 0x0000000085c00000, 0x0000000085d00000|  0%| F|  |TAMS 0x0000000085c00000, 0x0000000085c00000| Untracked 
|  73|0x0000000085d00000, 0x0000000085d00000, 0x0000000085e00000|  0%| F|  |TAMS 0x0000000085d00000, 0x0000000085d00000| Untracked 
|  74|0x0000000085e00000, 0x0000000085e00000, 0x0000000085f00000|  0%| F|  |TAMS 0x0000000085e00000, 0x0000000085e00000| Untracked 
|  75|0x0000000085f00000, 0x0000000085f00000, 0x0000000086000000|  0%| F|  |TAMS 0x0000000085f00000, 0x0000000085f00000| Untracked 
|  76|0x0000000086000000, 0x0000000086000000, 0x0000000086100000|  0%| F|  |TAMS 0x0000000086000000, 0x0000000086000000| Untracked 
|  77|0x0000000086100000, 0x0000000086100000, 0x0000000086200000|  0%| F|  |TAMS 0x0000000086100000, 0x0000000086100000| Untracked 
|  78|0x0000000086200000, 0x0000000086200000, 0x0000000086300000|  0%| F|  |TAMS 0x0000000086200000, 0x0000000086200000| Untracked 
|  79|0x0000000086300000, 0x0000000086300000, 0x0000000086400000|  0%| F|  |TAMS 0x0000000086300000, 0x0000000086300000| Untracked 
|  80|0x0000000086400000, 0x0000000086400000, 0x0000000086500000|  0%| F|  |TAMS 0x0000000086400000, 0x0000000086400000| Untracked 
|  81|0x0000000086500000, 0x0000000086500000, 0x0000000086600000|  0%| F|  |TAMS 0x0000000086500000, 0x0000000086500000| Untracked 
|  82|0x0000000086600000, 0x0000000086600000, 0x0000000086700000|  0%| F|  |TAMS 0x0000000086600000, 0x0000000086600000| Untracked 
|  83|0x0000000086700000, 0x0000000086700000, 0x0000000086800000|  0%| F|  |TAMS 0x0000000086700000, 0x0000000086700000| Untracked 
|  84|0x0000000086800000, 0x0000000086800000, 0x0000000086900000|  0%| F|  |TAMS 0x0000000086800000, 0x0000000086800000| Untracked 
|  85|0x0000000086900000, 0x0000000086900000, 0x0000000086a00000|  0%| F|  |TAMS 0x0000000086900000, 0x0000000086900000| Untracked 
|  86|0x0000000086a00000, 0x0000000086a00000, 0x0000000086b00000|  0%| F|  |TAMS 0x0000000086a00000, 0x0000000086a00000| Untracked 
|  87|0x0000000086b00000, 0x0000000086b00000, 0x0000000086c00000|  0%| F|  |TAMS 0x0000000086b00000, 0x0000000086b00000| Untracked 
|  88|0x0000000086c00000, 0x0000000086c00000, 0x0000000086d00000|  0%| F|  |TAMS 0x0000000086c00000, 0x0000000086c00000| Untracked 
|  89|0x0000000086d00000, 0x0000000086d00000, 0x0000000086e00000|  0%| F|  |TAMS 0x0000000086d00000, 0x0000000086d00000| Untracked 
|  90|0x0000000086e00000, 0x0000000086e00000, 0x0000000086f00000|  0%| F|  |TAMS 0x0000000086e00000, 0x0000000086e00000| Untracked 
|  91|0x0000000086f00000, 0x0000000086f00000, 0x0000000087000000|  0%| F|  |TAMS 0x0000000086f00000, 0x0000000086f00000| Untracked 
|  92|0x0000000087000000, 0x0000000087000000, 0x0000000087100000|  0%| F|  |TAMS 0x0000000087000000, 0x0000000087000000| Untracked 
|  93|0x0000000087100000, 0x0000000087100000, 0x0000000087200000|  0%| F|  |TAMS 0x0000000087100000, 0x0000000087100000| Untracked 
|  94|0x0000000087200000, 0x0000000087200000, 0x0000000087300000|  0%| F|  |TAMS 0x0000000087200000, 0x0000000087200000| Untracked 
|  95|0x0000000087300000, 0x0000000087300000, 0x0000000087400000|  0%| F|  |TAMS 0x0000000087300000, 0x0000000087300000| Untracked 
|  96|0x0000000087400000, 0x0000000087400000, 0x0000000087500000|  0%| F|  |TAMS 0x0000000087400000, 0x0000000087400000| Untracked 
|  97|0x0000000087500000, 0x0000000087500000, 0x0000000087600000|  0%| F|  |TAMS 0x0000000087500000, 0x0000000087500000| Untracked 
|  98|0x0000000087600000, 0x0000000087600000, 0x0000000087700000|  0%| F|  |TAMS 0x0000000087600000, 0x0000000087600000| Untracked 
|  99|0x0000000087700000, 0x0000000087700000, 0x0000000087800000|  0%| F|  |TAMS 0x0000000087700000, 0x0000000087700000| Untracked 
| 100|0x0000000087800000, 0x0000000087800000, 0x0000000087900000|  0%| F|  |TAMS 0x0000000087800000, 0x0000000087800000| Untracked 
| 101|0x0000000087900000, 0x0000000087900000, 0x0000000087a00000|  0%| F|  |TAMS 0x0000000087900000, 0x0000000087900000| Untracked 
| 102|0x0000000087a00000, 0x0000000087a00000, 0x0000000087b00000|  0%| F|  |TAMS 0x0000000087a00000, 0x0000000087a00000| Untracked 
| 103|0x0000000087b00000, 0x0000000087b00000, 0x0000000087c00000|  0%| F|  |TAMS 0x0000000087b00000, 0x0000000087b00000| Untracked 
| 104|0x0000000087c00000, 0x0000000087c00000, 0x0000000087d00000|  0%| F|  |TAMS 0x0000000087c00000, 0x0000000087c00000| Untracked 
| 105|0x0000000087d00000, 0x0000000087d00000, 0x0000000087e00000|  0%| F|  |TAMS 0x0000000087d00000, 0x0000000087d00000| Untracked 
| 106|0x0000000087e00000, 0x0000000087e00000, 0x0000000087f00000|  0%| F|  |TAMS 0x0000000087e00000, 0x0000000087e00000| Untracked 
| 107|0x0000000087f00000, 0x0000000087f00000, 0x0000000088000000|  0%| F|  |TAMS 0x0000000087f00000, 0x0000000087f00000| Untracked 
| 108|0x0000000088000000, 0x0000000088000000, 0x0000000088100000|  0%| F|  |TAMS 0x0000000088000000, 0x0000000088000000| Untracked 
| 109|0x0000000088100000, 0x0000000088100000, 0x0000000088200000|  0%| F|  |TAMS 0x0000000088100000, 0x0000000088100000| Untracked 
| 110|0x0000000088200000, 0x0000000088200000, 0x0000000088300000|  0%| F|  |TAMS 0x0000000088200000, 0x0000000088200000| Untracked 
| 111|0x0000000088300000, 0x0000000088300000, 0x0000000088400000|  0%| F|  |TAMS 0x0000000088300000, 0x0000000088300000| Untracked 
| 112|0x0000000088400000, 0x0000000088400000, 0x0000000088500000|  0%| F|  |TAMS 0x0000000088400000, 0x0000000088400000| Untracked 
| 113|0x0000000088500000, 0x0000000088500000, 0x0000000088600000|  0%| F|  |TAMS 0x0000000088500000, 0x0000000088500000| Untracked 
| 114|0x0000000088600000, 0x0000000088600000, 0x0000000088700000|  0%| F|  |TAMS 0x0000000088600000, 0x0000000088600000| Untracked 
| 115|0x0000000088700000, 0x0000000088700000, 0x0000000088800000|  0%| F|  |TAMS 0x0000000088700000, 0x0000000088700000| Untracked 
| 116|0x0000000088800000, 0x0000000088800000, 0x0000000088900000|  0%| F|  |TAMS 0x0000000088800000, 0x0000000088800000| Untracked 
| 117|0x0000000088900000, 0x0000000088900000, 0x0000000088a00000|  0%| F|  |TAMS 0x0000000088900000, 0x0000000088900000| Untracked 
| 118|0x0000000088a00000, 0x0000000088a00000, 0x0000000088b00000|  0%| F|  |TAMS 0x0000000088a00000, 0x0000000088a00000| Untracked 
| 119|0x0000000088b00000, 0x0000000088b00000, 0x0000000088c00000|  0%| F|  |TAMS 0x0000000088b00000, 0x0000000088b00000| Untracked 
| 120|0x0000000088c00000, 0x0000000088c00000, 0x0000000088d00000|  0%| F|  |TAMS 0x0000000088c00000, 0x0000000088c00000| Untracked 
| 121|0x0000000088d00000, 0x0000000088d00000, 0x0000000088e00000|  0%| F|  |TAMS 0x0000000088d00000, 0x0000000088d00000| Untracked 
| 122|0x0000000088e00000, 0x0000000088e00000, 0x0000000088f00000|  0%| F|  |TAMS 0x0000000088e00000, 0x0000000088e00000| Untracked 
| 123|0x0000000088f00000, 0x0000000088f00000, 0x0000000089000000|  0%| F|  |TAMS 0x0000000088f00000, 0x0000000088f00000| Untracked 
| 124|0x0000000089000000, 0x0000000089000000, 0x0000000089100000|  0%| F|  |TAMS 0x0000000089000000, 0x0000000089000000| Untracked 
| 125|0x0000000089100000, 0x0000000089100000, 0x0000000089200000|  0%| F|  |TAMS 0x0000000089100000, 0x0000000089100000| Untracked 
| 126|0x0000000089200000, 0x0000000089200000, 0x0000000089300000|  0%| F|  |TAMS 0x0000000089200000, 0x0000000089200000| Untracked 
| 127|0x0000000089300000, 0x0000000089300000, 0x0000000089400000|  0%| F|  |TAMS 0x0000000089300000, 0x0000000089300000| Untracked 
| 128|0x0000000089400000, 0x0000000089400000, 0x0000000089500000|  0%| F|  |TAMS 0x0000000089400000, 0x0000000089400000| Untracked 
| 129|0x0000000089500000, 0x0000000089500000, 0x0000000089600000|  0%| F|  |TAMS 0x0000000089500000, 0x0000000089500000| Untracked 
| 130|0x0000000089600000, 0x0000000089600000, 0x0000000089700000|  0%| F|  |TAMS 0x0000000089600000, 0x0000000089600000| Untracked 
| 131|0x0000000089700000, 0x0000000089700000, 0x0000000089800000|  0%| F|  |TAMS 0x0000000089700000, 0x0000000089700000| Untracked 
| 132|0x0000000089800000, 0x0000000089800000, 0x0000000089900000|  0%| F|  |TAMS 0x0000000089800000, 0x0000000089800000| Untracked 
| 133|0x0000000089900000, 0x0000000089900000, 0x0000000089a00000|  0%| F|  |TAMS 0x0000000089900000, 0x0000000089900000| Untracked 
| 134|0x0000000089a00000, 0x0000000089a00000, 0x0000000089b00000|  0%| F|  |TAMS 0x0000000089a00000, 0x0000000089a00000| Untracked 
| 135|0x0000000089b00000, 0x0000000089b00000, 0x0000000089c00000|  0%| F|  |TAMS 0x0000000089b00000, 0x0000000089b00000| Untracked 
| 136|0x0000000089c00000, 0x0000000089c00000, 0x0000000089d00000|  0%| F|  |TAMS 0x0000000089c00000, 0x0000000089c00000| Untracked 
| 137|0x0000000089d00000, 0x0000000089d00000, 0x0000000089e00000|  0%| F|  |TAMS 0x0000000089d00000, 0x0000000089d00000| Untracked 
| 138|0x0000000089e00000, 0x0000000089e00000, 0x0000000089f00000|  0%| F|  |TAMS 0x0000000089e00000, 0x0000000089e00000| Untracked 
| 139|0x0000000089f00000, 0x0000000089f00000, 0x000000008a000000|  0%| F|  |TAMS 0x0000000089f00000, 0x0000000089f00000| Untracked 
| 140|0x000000008a000000, 0x000000008a000000, 0x000000008a100000|  0%| F|  |TAMS 0x000000008a000000, 0x000000008a000000| Untracked 
| 141|0x000000008a100000, 0x000000008a100000, 0x000000008a200000|  0%| F|  |TAMS 0x000000008a100000, 0x000000008a100000| Untracked 
| 142|0x000000008a200000, 0x000000008a200000, 0x000000008a300000|  0%| F|  |TAMS 0x000000008a200000, 0x000000008a200000| Untracked 
| 143|0x000000008a300000, 0x000000008a300000, 0x000000008a400000|  0%| F|  |TAMS 0x000000008a300000, 0x000000008a300000| Untracked 
| 144|0x000000008a400000, 0x000000008a400000, 0x000000008a500000|  0%| F|  |TAMS 0x000000008a400000, 0x000000008a400000| Untracked 
| 145|0x000000008a500000, 0x000000008a500000, 0x000000008a600000|  0%| F|  |TAMS 0x000000008a500000, 0x000000008a500000| Untracked 
| 146|0x000000008a600000, 0x000000008a600000, 0x000000008a700000|  0%| F|  |TAMS 0x000000008a600000, 0x000000008a600000| Untracked 
| 147|0x000000008a700000, 0x000000008a700000, 0x000000008a800000|  0%| F|  |TAMS 0x000000008a700000, 0x000000008a700000| Untracked 
| 148|0x000000008a800000, 0x000000008a800000, 0x000000008a900000|  0%| F|  |TAMS 0x000000008a800000, 0x000000008a800000| Untracked 
| 149|0x000000008a900000, 0x000000008a900000, 0x000000008aa00000|  0%| F|  |TAMS 0x000000008a900000, 0x000000008a900000| Untracked 
| 150|0x000000008aa00000, 0x000000008aa00000, 0x000000008ab00000|  0%| F|  |TAMS 0x000000008aa00000, 0x000000008aa00000| Untracked 
| 151|0x000000008ab00000, 0x000000008ab00000, 0x000000008ac00000|  0%| F|  |TAMS 0x000000008ab00000, 0x000000008ab00000| Untracked 
| 152|0x000000008ac00000, 0x000000008ac00000, 0x000000008ad00000|  0%| F|  |TAMS 0x000000008ac00000, 0x000000008ac00000| Untracked 
| 153|0x000000008ad00000, 0x000000008ad00000, 0x000000008ae00000|  0%| F|  |TAMS 0x000000008ad00000, 0x000000008ad00000| Untracked 
| 154|0x000000008ae00000, 0x000000008ae00000, 0x000000008af00000|  0%| F|  |TAMS 0x000000008ae00000, 0x000000008ae00000| Untracked 
| 155|0x000000008af00000, 0x000000008af00000, 0x000000008b000000|  0%| F|  |TAMS 0x000000008af00000, 0x000000008af00000| Untracked 
| 156|0x000000008b000000, 0x000000008b000000, 0x000000008b100000|  0%| F|  |TAMS 0x000000008b000000, 0x000000008b000000| Untracked 
| 157|0x000000008b100000, 0x000000008b100000, 0x000000008b200000|  0%| F|  |TAMS 0x000000008b100000, 0x000000008b100000| Untracked 
| 158|0x000000008b200000, 0x000000008b200000, 0x000000008b300000|  0%| F|  |TAMS 0x000000008b200000, 0x000000008b200000| Untracked 
| 159|0x000000008b300000, 0x000000008b300000, 0x000000008b400000|  0%| F|  |TAMS 0x000000008b300000, 0x000000008b300000| Untracked 
| 160|0x000000008b400000, 0x000000008b400000, 0x000000008b500000|  0%| F|  |TAMS 0x000000008b400000, 0x000000008b400000| Untracked 
| 161|0x000000008b500000, 0x000000008b500000, 0x000000008b600000|  0%| F|  |TAMS 0x000000008b500000, 0x000000008b500000| Untracked 
| 162|0x000000008b600000, 0x000000008b600000, 0x000000008b700000|  0%| F|  |TAMS 0x000000008b600000, 0x000000008b600000| Untracked 
| 163|0x000000008b700000, 0x000000008b700000, 0x000000008b800000|  0%| F|  |TAMS 0x000000008b700000, 0x000000008b700000| Untracked 
| 164|0x000000008b800000, 0x000000008b800000, 0x000000008b900000|  0%| F|  |TAMS 0x000000008b800000, 0x000000008b800000| Untracked 
| 165|0x000000008b900000, 0x000000008b900000, 0x000000008ba00000|  0%| F|  |TAMS 0x000000008b900000, 0x000000008b900000| Untracked 
| 166|0x000000008ba00000, 0x000000008ba00000, 0x000000008bb00000|  0%| F|  |TAMS 0x000000008ba00000, 0x000000008ba00000| Untracked 
| 167|0x000000008bb00000, 0x000000008bb00000, 0x000000008bc00000|  0%| F|  |TAMS 0x000000008bb00000, 0x000000008bb00000| Untracked 
| 168|0x000000008bc00000, 0x000000008bc00000, 0x000000008bd00000|  0%| F|  |TAMS 0x000000008bc00000, 0x000000008bc00000| Untracked 
| 169|0x000000008bd00000, 0x000000008bd00000, 0x000000008be00000|  0%| F|  |TAMS 0x000000008bd00000, 0x000000008bd00000| Untracked 
| 170|0x000000008be00000, 0x000000008be00000, 0x000000008bf00000|  0%| F|  |TAMS 0x000000008be00000, 0x000000008be00000| Untracked 
| 171|0x000000008bf00000, 0x000000008bf00000, 0x000000008c000000|  0%| F|  |TAMS 0x000000008bf00000, 0x000000008bf00000| Untracked 
| 172|0x000000008c000000, 0x000000008c000000, 0x000000008c100000|  0%| F|  |TAMS 0x000000008c000000, 0x000000008c000000| Untracked 
| 173|0x000000008c100000, 0x000000008c183c10, 0x000000008c200000| 51%| E|  |TAMS 0x000000008c100000, 0x000000008c100000| Complete 
| 174|0x000000008c200000, 0x000000008c300000, 0x000000008c300000|100%| E|CS|TAMS 0x000000008c200000, 0x000000008c200000| Complete 
| 175|0x000000008c300000, 0x000000008c400000, 0x000000008c400000|100%| E|CS|TAMS 0x000000008c300000, 0x000000008c300000| Complete 
| 176|0x000000008c400000, 0x000000008c500000, 0x000000008c500000|100%| E|CS|TAMS 0x000000008c400000, 0x000000008c400000| Complete 
| 177|0x000000008c500000, 0x000000008c571fb0, 0x000000008c600000| 44%| S|CS|TAMS 0x000000008c500000, 0x000000008c500000| Complete 
| 178|0x000000008c600000, 0x000000008c700000, 0x000000008c700000|100%| S|CS|TAMS 0x000000008c600000, 0x000000008c600000| Complete 
| 179|0x000000008c700000, 0x000000008c800000, 0x000000008c800000|100%| E|CS|TAMS 0x000000008c700000, 0x000000008c700000| Complete 

Card table byte_map: [0x0000028fe1910000,0x0000028fe1d10000] _byte_map_base: 0x0000028fe1506000

Marking Bits (Prev, Next): (CMBitMap*) 0x0000028fced94480, (CMBitMap*) 0x0000028fced944c0
 Prev Bits: [0x0000028fe2110000, 0x0000028fe40c0000)
 Next Bits: [0x0000028fe40c0000, 0x0000028fe6070000)

Polling page: 0x0000028fcccf0000

Metaspace:

Usage:
  Non-class:     58.25 MB used.
      Class:      7.35 MB used.
       Both:     65.60 MB used.

Virtual space:
  Non-class space:       64.00 MB reserved,      58.38 MB ( 91%) committed,  1 nodes.
      Class space:        1.00 GB reserved,       7.44 MB ( <1%) committed,  1 nodes.
             Both:        1.06 GB reserved,      65.81 MB (  6%) committed. 

Chunk freelists:
   Non-Class:  4.61 MB
       Class:  8.56 MB
        Both:  13.17 MB

MaxMetaspaceSize: unlimited
CompressedClassSpaceSize: 1.00 GB
Initial GC threshold: 21.00 MB
Current GC threshold: 93.56 MB
CDS: on
MetaspaceReclaimPolicy: balanced
 - commit_granule_bytes: 65536.
 - commit_granule_words: 8192.
 - virtual_space_node_default_size: 8388608.
 - enlarge_chunks_in_place: 1.
 - new_chunks_are_fully_committed: 0.
 - uncommit_free_chunks: 1.
 - use_allocation_guard: 0.
 - handle_deallocations: 1.


Internal statistics:

num_allocs_failed_limit: 6.
num_arena_births: 298.
num_arena_deaths: 0.
num_vsnodes_births: 2.
num_vsnodes_deaths: 0.
num_space_committed: 1051.
num_space_uncommitted: 0.
num_chunks_returned_to_freelist: 6.
num_chunks_taken_from_freelist: 2714.
num_chunk_merges: 6.
num_chunk_splits: 2206.
num_chunks_enlarged: 1950.
num_inconsistent_stats: 0.

CodeHeap 'non-profiled nmethods': size=120000Kb used=5391Kb max_used=5391Kb free=114608Kb
 bounds [0x0000028fd9fe0000, 0x0000028fda530000, 0x0000028fe1510000]
CodeHeap 'profiled nmethods': size=120000Kb used=30791Kb max_used=30791Kb free=89208Kb
 bounds [0x0000028fd2510000, 0x0000028fd4330000, 0x0000028fd9a40000]
CodeHeap 'non-nmethods': size=5760Kb used=1398Kb max_used=1457Kb free=4362Kb
 bounds [0x0000028fd9a40000, 0x0000028fd9cb0000, 0x0000028fd9fe0000]
 total_blobs=11131 nmethods=10410 adapters=630
 compilation: enabled
              stopped_count=0, restarted_count=0
 full_count=0

Compilation events (20 events):
Event: 15.764 Thread 0x0000028fe856c0e0 12342       2       org.jetbrains.kotlin.backend.jvm.lower.RepeatedAnnotationLowering::visitGetValue (13 bytes)
Event: 15.765 Thread 0x0000028fe856c0e0 nmethod 12342 0x0000028fd430c410 code [0x0000028fd430c640, 0x0000028fd430caf8]
Event: 15.765 Thread 0x0000028fe856c0e0 12349       2       org.jetbrains.kotlin.backend.jvm.lower.RepeatedAnnotationLowering::visitGetValue (7 bytes)
Event: 15.765 Thread 0x0000028fe856c0e0 nmethod 12349 0x0000028fd430ce90 code [0x0000028fd430d0c0, 0x0000028fd430d518]
Event: 15.765 Thread 0x0000028fe856c0e0 12350       2       org.jetbrains.kotlin.backend.jvm.lower.RepeatedAnnotationLowering::visitGetValue (6 bytes)
Event: 15.766 Thread 0x0000028fe856c0e0 nmethod 12350 0x0000028fd430d890 code [0x0000028fd430dac0, 0x0000028fd430df18]
Event: 15.766 Thread 0x0000028fe856c0e0 12351       1       org.jetbrains.kotlin.ir.declarations.impl.IrTypeParameterImpl::getAnnotations (5 bytes)
Event: 15.766 Thread 0x0000028fe856c0e0 nmethod 12351 0x0000028fda50e690 code [0x0000028fda50e820, 0x0000028fda50e8f8]
Event: 15.766 Thread 0x0000028fe856c0e0 12340       1       org.jetbrains.kotlin.ir.declarations.impl.IrVariableImpl::getAnnotations (5 bytes)
Event: 15.766 Thread 0x0000028fe856c0e0 nmethod 12340 0x0000028fda50e990 code [0x0000028fda50eb20, 0x0000028fda50ebf8]
Event: 15.766 Thread 0x0000028fe856c0e0 12352       2       org.jetbrains.kotlin.backend.common.ClassLoweringVisitor::visitElement (15 bytes)
Event: 15.767 Thread 0x0000028fe856c0e0 nmethod 12352 0x0000028fd430e290 code [0x0000028fd430e4c0, 0x0000028fd430e948]
Event: 15.777 Thread 0x0000028fe856c0e0 12353       2       org.jetbrains.kotlin.backend.common.ClassLoweringVisitor::visitDeclaration (6 bytes)
Event: 15.778 Thread 0x0000028fe856c0e0 nmethod 12353 0x0000028fd430ec90 code [0x0000028fd430ef00, 0x0000028fd430f4e8]
Event: 15.779 Thread 0x0000028fe856c0e0 12354       2       org.jetbrains.kotlin.backend.common.ClassLoweringVisitor::visitExpression (6 bytes)
Event: 15.780 Thread 0x0000028fe856c0e0 nmethod 12354 0x0000028fd430f910 code [0x0000028fd430fb80, 0x0000028fd4310168]
Event: 15.780 Thread 0x0000028fe856c0e0 12355       2       org.jetbrains.kotlin.backend.common.ClassLoweringVisitor::visitValueParameter (13 bytes)
Event: 15.781 Thread 0x0000028fe856c0e0 nmethod 12355 0x0000028fd4310590 code [0x0000028fd43107e0, 0x0000028fd4310cc8]
Event: 15.781 Thread 0x0000028fe856c0e0 12356       2       org.jetbrains.kotlin.backend.common.ClassLoweringVisitor::visitValueParameter (7 bytes)
Event: 15.781 Thread 0x0000028fe856c0e0 nmethod 12356 0x0000028fd4311090 code [0x0000028fd43112c0, 0x0000028fd4311768]

GC Heap History (20 events):
Event: 4.929 GC heap before
{Heap before GC invocations=11 (full 0):
 garbage-first heap   total 67584K, used 49987K [0x0000000081400000, 0x0000000100000000)
  region size 1024K, 25 young (25600K), 4 survivors (4096K)
 Metaspace       used 42032K, committed 42240K, reserved 1114112K
  class space    used 5144K, committed 5248K, reserved 1048576K
}
Event: 4.946 GC heap after
{Heap after GC invocations=12 (full 0):
 garbage-first heap   total 67584K, used 33394K [0x0000000081400000, 0x0000000100000000)
  region size 1024K, 4 young (4096K), 4 survivors (4096K)
 Metaspace       used 42032K, committed 42240K, reserved 1114112K
  class space    used 5144K, committed 5248K, reserved 1048576K
}
Event: 5.483 GC heap before
{Heap before GC invocations=12 (full 0):
 garbage-first heap   total 67584K, used 50802K [0x0000000081400000, 0x0000000100000000)
  region size 1024K, 21 young (21504K), 4 survivors (4096K)
 Metaspace       used 42562K, committed 42752K, reserved 1114112K
  class space    used 5153K, committed 5248K, reserved 1048576K
}
Event: 5.494 GC heap after
{Heap after GC invocations=13 (full 0):
 garbage-first heap   total 67584K, used 36206K [0x0000000081400000, 0x0000000100000000)
  region size 1024K, 3 young (3072K), 3 survivors (3072K)
 Metaspace       used 42562K, committed 42752K, reserved 1114112K
  class space    used 5153K, committed 5248K, reserved 1048576K
}
Event: 5.824 GC heap before
{Heap before GC invocations=14 (full 0):
 garbage-first heap   total 68608K, used 51566K [0x0000000081400000, 0x0000000100000000)
  region size 1024K, 18 young (18432K), 3 survivors (3072K)
 Metaspace       used 42751K, committed 43008K, reserved 1114112K
  class space    used 5162K, committed 5312K, reserved 1048576K
}
Event: 5.841 GC heap after
{Heap after GC invocations=15 (full 0):
 garbage-first heap   total 68608K, used 39604K [0x0000000081400000, 0x0000000100000000)
  region size 1024K, 3 young (3072K), 3 survivors (3072K)
 Metaspace       used 42751K, committed 43008K, reserved 1114112K
  class space    used 5162K, committed 5312K, reserved 1048576K
}
Event: 6.045 GC heap before
{Heap before GC invocations=15 (full 0):
 garbage-first heap   total 68608K, used 52916K [0x0000000081400000, 0x0000000100000000)
  region size 1024K, 16 young (16384K), 3 survivors (3072K)
 Metaspace       used 42981K, committed 43200K, reserved 1114112K
  class space    used 5186K, committed 5312K, reserved 1048576K
}
Event: 6.056 GC heap after
{Heap after GC invocations=16 (full 0):
 garbage-first heap   total 99328K, used 41964K [0x0000000081400000, 0x0000000100000000)
  region size 1024K, 2 young (2048K), 2 survivors (2048K)
 Metaspace       used 42981K, committed 43200K, reserved 1114112K
  class space    used 5186K, committed 5312K, reserved 1048576K
}
Event: 6.227 GC heap before
{Heap before GC invocations=17 (full 0):
 garbage-first heap   total 101376K, used 73708K [0x0000000081400000, 0x0000000100000000)
  region size 1024K, 33 young (33792K), 2 survivors (2048K)
 Metaspace       used 43002K, committed 43200K, reserved 1114112K
  class space    used 5186K, committed 5312K, reserved 1048576K
}
Event: 6.231 GC heap after
{Heap after GC invocations=18 (full 0):
 garbage-first heap   total 101376K, used 41964K [0x0000000081400000, 0x0000000100000000)
  region size 1024K, 2 young (2048K), 2 survivors (2048K)
 Metaspace       used 43002K, committed 43200K, reserved 1114112K
  class space    used 5186K, committed 5312K, reserved 1048576K
}
Event: 7.529 GC heap before
{Heap before GC invocations=18 (full 0):
 garbage-first heap   total 101376K, used 76780K [0x0000000081400000, 0x0000000100000000)
  region size 1024K, 36 young (36864K), 2 survivors (2048K)
 Metaspace       used 48568K, committed 48768K, reserved 1114112K
  class space    used 5981K, committed 6080K, reserved 1048576K
}
Event: 7.548 GC heap after
{Heap after GC invocations=19 (full 0):
 garbage-first heap   total 101376K, used 46055K [0x0000000081400000, 0x0000000100000000)
  region size 1024K, 5 young (5120K), 5 survivors (5120K)
 Metaspace       used 48568K, committed 48768K, reserved 1114112K
  class space    used 5981K, committed 6080K, reserved 1048576K
}
Event: 9.031 GC heap before
{Heap before GC invocations=19 (full 0):
 garbage-first heap   total 101376K, used 78823K [0x0000000081400000, 0x0000000100000000)
  region size 1024K, 36 young (36864K), 5 survivors (5120K)
 Metaspace       used 50824K, committed 51072K, reserved 1114112K
  class space    used 6114K, committed 6208K, reserved 1048576K
}
Event: 9.053 GC heap after
{Heap after GC invocations=20 (full 0):
 garbage-first heap   total 101376K, used 51220K [0x0000000081400000, 0x0000000100000000)
  region size 1024K, 5 young (5120K), 5 survivors (5120K)
 Metaspace       used 50824K, committed 51072K, reserved 1114112K
  class space    used 6114K, committed 6208K, reserved 1048576K
}
Event: 10.447 GC heap before
{Heap before GC invocations=20 (full 0):
 garbage-first heap   total 101376K, used 78868K [0x0000000081400000, 0x0000000100000000)
  region size 1024K, 32 young (32768K), 5 survivors (5120K)
 Metaspace       used 52404K, committed 52672K, reserved 1114112K
  class space    used 6197K, committed 6336K, reserved 1048576K
}
Event: 10.467 GC heap after
{Heap after GC invocations=21 (full 0):
 garbage-first heap   total 101376K, used 55568K [0x0000000081400000, 0x0000000100000000)
  region size 1024K, 4 young (4096K), 4 survivors (4096K)
 Metaspace       used 52404K, committed 52672K, reserved 1114112K
  class space    used 6197K, committed 6336K, reserved 1048576K
}
Event: 12.050 GC heap before
{Heap before GC invocations=22 (full 0):
 garbage-first heap   total 101376K, used 79120K [0x0000000081400000, 0x0000000100000000)
  region size 1024K, 28 young (28672K), 4 survivors (4096K)
 Metaspace       used 54201K, committed 54464K, reserved 1114112K
  class space    used 6321K, committed 6464K, reserved 1048576K
}
Event: 12.067 GC heap after
{Heap after GC invocations=23 (full 0):
 garbage-first heap   total 101376K, used 57591K [0x0000000081400000, 0x0000000100000000)
  region size 1024K, 2 young (2048K), 2 survivors (2048K)
 Metaspace       used 54201K, committed 54464K, reserved 1114112K
  class space    used 6321K, committed 6464K, reserved 1048576K
}
Event: 12.856 GC heap before
{Heap before GC invocations=23 (full 0):
 garbage-first heap   total 101376K, used 81143K [0x0000000081400000, 0x0000000100000000)
  region size 1024K, 25 young (25600K), 2 survivors (2048K)
 Metaspace       used 55665K, committed 55936K, reserved 1114112K
  class space    used 6472K, committed 6592K, reserved 1048576K
}
Event: 12.873 GC heap after
{Heap after GC invocations=24 (full 0):
 garbage-first heap   total 184320K, used 59639K [0x0000000081400000, 0x0000000100000000)
  region size 1024K, 4 young (4096K), 4 survivors (4096K)
 Metaspace       used 55665K, committed 55936K, reserved 1114112K
  class space    used 6472K, committed 6592K, reserved 1048576K
}

Dll operation events (3 events):
Event: 0.012 Loaded shared library C:\Users\irfan\.jdks\jbr-17.0.11\bin\java.dll
Event: 0.033 Loaded shared library C:\Users\irfan\.jdks\jbr-17.0.11\bin\jsvml.dll
Event: 0.939 Loaded shared library C:\Users\irfan\.jdks\jbr-17.0.11\bin\verify.dll

Deoptimization events (20 events):
Event: 15.174 Thread 0x0000028fced39520 Uncommon trap: trap_request=0xffffffde fr.pc=0x0000028fda4e7db4 relative=0x0000000000009e74
Event: 15.174 Thread 0x0000028fced39520 Uncommon trap: reason=class_check action=maybe_recompile pc=0x0000028fda4e7db4 method=org.jetbrains.kotlin.ir.util.TypeTranslator.translateType(Lorg/jetbrains/kotlin/types/KotlinType;Lorg/jetbrains/kotlin/types/Variance;)Lorg/jetbrains/kotlin/ir/types/IrT
Event: 15.174 Thread 0x0000028fced39520 DEOPT PACKING pc=0x0000028fda4e7db4 sp=0x000000e79befa200
Event: 15.174 Thread 0x0000028fced39520 DEOPT UNPACKING pc=0x0000028fd9a969a3 sp=0x000000e79befa1d8 mode 2
Event: 15.407 Thread 0x0000028fced39520 Uncommon trap: trap_request=0xffffff45 fr.pc=0x0000028fda1e6518 relative=0x00000000000000f8
Event: 15.407 Thread 0x0000028fced39520 Uncommon trap: reason=unstable_if action=reinterpret pc=0x0000028fda1e6518 method=kotlin.internal.ProgressionUtilKt.getProgressionLastElement(III)I @ 2 c2
Event: 15.407 Thread 0x0000028fced39520 DEOPT PACKING pc=0x0000028fda1e6518 sp=0x000000e79bef9480
Event: 15.408 Thread 0x0000028fced39520 DEOPT UNPACKING pc=0x0000028fd9a969a3 sp=0x000000e79bef93c8 mode 2
Event: 15.408 Thread 0x0000028fced39520 Uncommon trap: trap_request=0xffffff45 fr.pc=0x0000028fda253f78 relative=0x00000000000000d8
Event: 15.408 Thread 0x0000028fced39520 Uncommon trap: reason=unstable_if action=reinterpret pc=0x0000028fda253f78 method=kotlin.ranges.IntProgressionIterator.<init>(III)V @ 19 c2
Event: 15.408 Thread 0x0000028fced39520 DEOPT PACKING pc=0x0000028fda253f78 sp=0x000000e79bef9550
Event: 15.408 Thread 0x0000028fced39520 DEOPT UNPACKING pc=0x0000028fd9a969a3 sp=0x000000e79bef9470 mode 2
Event: 15.439 Thread 0x0000028fced39520 Uncommon trap: trap_request=0xffffffde fr.pc=0x0000028fda4e7db4 relative=0x0000000000009e74
Event: 15.439 Thread 0x0000028fced39520 Uncommon trap: reason=class_check action=maybe_recompile pc=0x0000028fda4e7db4 method=org.jetbrains.kotlin.ir.util.TypeTranslator.translateType(Lorg/jetbrains/kotlin/types/KotlinType;Lorg/jetbrains/kotlin/types/Variance;)Lorg/jetbrains/kotlin/ir/types/IrT
Event: 15.439 Thread 0x0000028fced39520 DEOPT PACKING pc=0x0000028fda4e7db4 sp=0x000000e79bef86a0
Event: 15.439 Thread 0x0000028fced39520 DEOPT UNPACKING pc=0x0000028fd9a969a3 sp=0x000000e79bef8678 mode 2
Event: 15.619 Thread 0x0000028fced39520 Uncommon trap: trap_request=0xffffff45 fr.pc=0x0000028fda1e5da8 relative=0x00000000000000a8
Event: 15.619 Thread 0x0000028fced39520 Uncommon trap: reason=unstable_if action=reinterpret pc=0x0000028fda1e5da8 method=kotlin.internal.ProgressionUtilKt.getProgressionLastElement(III)I @ 2 c2
Event: 15.619 Thread 0x0000028fced39520 DEOPT PACKING pc=0x0000028fda1e5da8 sp=0x000000e79bef8e80
Event: 15.619 Thread 0x0000028fced39520 DEOPT UNPACKING pc=0x0000028fd9a969a3 sp=0x000000e79bef8e30 mode 2

Classes unloaded (0 events):
No events

Classes redefined (0 events):
No events

Internal exceptions (20 events):
Event: 6.518 Thread 0x0000028fced39520 Exception <a 'java/lang/NoSuchMethodError'{0x00000000867804c0}: 'void java.lang.invoke.DirectMethodHandle$Holder.invokeInterface(java.lang.Object, java.lang.Object)'> (0x00000000867804c0) 
thrown [s\src\hotspot\share\interpreter\linkResolver.cpp, line 771]
Event: 6.586 Thread 0x0000028fced39520 Exception <a 'java/lang/IncompatibleClassChangeError'{0x0000000086553608}: Found class java.lang.Object, but interface was expected> (0x0000000086553608) 
thrown [s\src\hotspot\share\interpreter\linkResolver.cpp, line 838]
Event: 6.594 Thread 0x0000028fced39520 Implicit null exception at 0x0000028fda0cf44c to 0x0000028fda0cf528
Event: 6.845 Thread 0x0000028fced39520 Implicit null exception at 0x0000028fda21e0f5 to 0x0000028fda21f698
Event: 6.845 Thread 0x0000028fced39520 Implicit null exception at 0x0000028fda0c4a3b to 0x0000028fda0c515c
Event: 7.504 Thread 0x0000028fced39520 Exception <a 'java/lang/NoSuchMethodError'{0x0000000085323df0}: 'java.lang.Object java.lang.invoke.DirectMethodHandle$Holder.invokeStatic(java.lang.Object, int, java.lang.Object)'> (0x0000000085323df0) 
thrown [s\src\hotspot\share\interpreter\linkResolver.cpp, line 771]
Event: 7.983 Thread 0x0000028fced39520 Implicit null exception at 0x0000028fda23ee3c to 0x0000028fda23f738
Event: 8.350 Thread 0x0000028fced39520 Exception <a 'java/lang/NoSuchMethodError'{0x000000008610bfb8}: 'java.lang.Object java.lang.invoke.DirectMethodHandle$Holder.newInvokeSpecial(java.lang.Object, java.lang.Object, java.lang.Object, java.lang.Object, java.lang.Object, java.lang.Object, java.lang.Object)'> (0x000000008610bfb8) 
thrown [s\src\hotspot\share\interpreter\linkResolver.cpp, line 771]
Event: 8.351 Thread 0x0000028fced39520 Exception <a 'java/lang/NoSuchMethodError'{0x00000000861110c0}: 'java.lang.Object java.lang.invoke.Invokers$Holder.linkToTargetMethod(java.lang.Object, java.lang.Object, java.lang.Object, java.lang.Object, java.lang.Object, java.lang.Object, java.lang.Object)'> (0x00000000861110c0) 
thrown [s\src\hotspot\share\interpreter\linkResolver.cpp, line 771]
Event: 8.384 Thread 0x0000028fced39520 Exception <a 'java/lang/NoSuchMethodError'{0x00000000861b4a18}: 'java.lang.Object java.lang.invoke.DirectMethodHandle$Holder.invokeInterface(java.lang.Object, java.lang.Object, java.lang.Object)'> (0x00000000861b4a18) 
thrown [s\src\hotspot\share\interpreter\linkResolver.cpp, line 771]
Event: 8.384 Thread 0x0000028fced39520 Exception <a 'java/lang/IncompatibleClassChangeError'{0x00000000861b8e28}: Found class java.lang.Object, but interface was expected> (0x00000000861b8e28) 
thrown [s\src\hotspot\share\interpreter\linkResolver.cpp, line 838]
Event: 8.761 Thread 0x0000028fced39520 Exception <a 'java/lang/NoSuchMethodError'{0x0000000085b4a1b0}: 'int java.lang.invoke.DirectMethodHandle$Holder.invokeStaticInit(java.lang.Object, int)'> (0x0000000085b4a1b0) 
thrown [s\src\hotspot\share\interpreter\linkResolver.cpp, line 771]
Event: 9.584 Thread 0x0000028fced39520 Exception <a 'java/lang/NoSuchMethodError'{0x000000008693aee8}: 'java.lang.Object java.lang.invoke.DirectMethodHandle$Holder.newInvokeSpecial(java.lang.Object, int, java.lang.Object, java.lang.Object)'> (0x000000008693aee8) 
thrown [s\src\hotspot\share\interpreter\linkResolver.cpp, line 771]
Event: 9.584 Thread 0x0000028fced39520 Exception <a 'java/lang/NoSuchMethodError'{0x000000008693f638}: 'java.lang.Object java.lang.invoke.DirectMethodHandle$Holder.invokeSpecial(java.lang.Object, java.lang.Object, int, java.lang.Object, java.lang.Object)'> (0x000000008693f638) 
thrown [s\src\hotspot\share\interpreter\linkResolver.cpp, line 771]
Event: 12.671 Thread 0x0000028fced39520 Implicit null exception at 0x0000028fda35b5e1 to 0x0000028fda35b8e4
Event: 12.672 Thread 0x0000028fced39520 Implicit null exception at 0x0000028fda269cd7 to 0x0000028fda269fa4
Event: 12.837 Thread 0x0000028fced39520 Exception <a 'java/lang/NoSuchMethodError'{0x000000008602afb8}: 'java.lang.Object java.lang.invoke.DirectMethodHandle$Holder.invokeStaticInit(java.lang.Object, java.lang.Object, java.lang.Object, java.lang.Object)'> (0x000000008602afb8) 
thrown [s\src\hotspot\share\interpreter\linkResolver.cpp, line 771]
Event: 13.254 Thread 0x0000028fced39520 Exception <a 'java/lang/NoSuchMethodError'{0x000000008b872128}: 'java.lang.Object java.lang.invoke.DirectMethodHandle$Holder.newInvokeSpecial(java.lang.Object, java.lang.Object, java.lang.Object, int, int)'> (0x000000008b872128) 
thrown [s\src\hotspot\share\interpreter\linkResolver.cpp, line 771]
Event: 13.255 Thread 0x0000028fced39520 Exception <a 'java/lang/NoSuchMethodError'{0x000000008b875f68}: 'java.lang.Object java.lang.invoke.DirectMethodHandle$Holder.invokeSpecial(java.lang.Object, java.lang.Object, java.lang.Object, java.lang.Object, int, int)'> (0x000000008b875f68) 
thrown [s\src\hotspot\share\interpreter\linkResolver.cpp, line 771]
Event: 13.296 Thread 0x0000028fced39520 Exception <a 'java/lang/NoSuchMethodError'{0x000000008b7d2928}: 'java.lang.Object java.lang.invoke.Invokers$Holder.linkToTargetMethod(java.lang.Object, java.lang.Object, int, int, java.lang.Object, java.lang.Object, java.lang.Object, java.lang.Object, java.lang.Object)'> (0x000000008b7d2928) 
thrown [s\src\hotspot\share\interpreter\linkResolver.cpp, line 771]

VM Operations (20 events):
Event: 14.708 Executing VM operation: HandshakeAllThreads
Event: 14.708 Executing VM operation: HandshakeAllThreads done
Event: 14.709 Executing VM operation: HandshakeAllThreads
Event: 14.709 Executing VM operation: HandshakeAllThreads done
Event: 14.718 Executing VM operation: HandshakeAllThreads
Event: 14.718 Executing VM operation: HandshakeAllThreads done
Event: 14.807 Executing VM operation: HandshakeAllThreads
Event: 14.807 Executing VM operation: HandshakeAllThreads done
Event: 14.808 Executing VM operation: HandshakeAllThreads
Event: 14.808 Executing VM operation: HandshakeAllThreads done
Event: 14.917 Executing VM operation: ICBufferFull
Event: 14.917 Executing VM operation: ICBufferFull done
Event: 15.534 Executing VM operation: ICBufferFull
Event: 15.534 Executing VM operation: ICBufferFull done
Event: 15.774 Executing VM operation: HandshakeAllThreads
Event: 15.774 Executing VM operation: HandshakeAllThreads done
Event: 15.777 Executing VM operation: ICBufferFull
Event: 15.777 Executing VM operation: ICBufferFull done
Event: 15.784 Executing VM operation: HandshakeAllThreads
Event: 15.784 Executing VM operation: HandshakeAllThreads done

Events (20 events):
Event: 13.213 Thread 0x0000028fe856d280 flushing nmethod 0x0000028fd3d8dc10
Event: 13.213 Thread 0x0000028fe856d280 flushing nmethod 0x0000028fd3dae590
Event: 14.519 Thread 0x0000028fe856d280 flushing nmethod 0x0000028fd2e90310
Event: 14.523 Thread 0x0000028fe856d280 flushing nmethod 0x0000028fd3135110
Event: 14.524 Thread 0x0000028fe856d280 flushing nmethod 0x0000028fd32b3890
Event: 14.526 Thread 0x0000028fe856d280 flushing nmethod 0x0000028fd350f590
Event: 14.527 Thread 0x0000028fe856d280 flushing nmethod 0x0000028fd36d3910
Event: 14.528 Thread 0x0000028fe856d280 flushing nmethod 0x0000028fd389c090
Event: 14.529 Thread 0x0000028fe856d280 flushing nmethod 0x0000028fd38dbf10
Event: 14.531 Thread 0x0000028fe856d280 flushing nmethod 0x0000028fd3ac9690
Event: 14.532 Thread 0x0000028fe856d280 flushing nmethod 0x0000028fd3bb5310
Event: 14.532 Thread 0x0000028fe856d280 flushing nmethod 0x0000028fd3bf3d10
Event: 14.532 Thread 0x0000028fe856d280 flushing nmethod 0x0000028fd3c32390
Event: 14.533 Thread 0x0000028fe856d280 flushing nmethod 0x0000028fd3d84f90
Event: 14.533 Thread 0x0000028fe856d280 flushing nmethod 0x0000028fd3db4210
Event: 14.534 Thread 0x0000028fe856d280 flushing nmethod 0x0000028fd3eb6110
Event: 14.534 Thread 0x0000028fe856d280 flushing nmethod 0x0000028fd3f90710
Event: 14.534 Thread 0x0000028fe856d280 flushing nmethod 0x0000028fd3f9f510
Event: 15.019 loading class jdk/internal/math/FDBigInteger
Event: 15.020 loading class jdk/internal/math/FDBigInteger done


Dynamic libraries:
0x00007ff685620000 - 0x00007ff68562a000 	C:\Users\irfan\.jdks\jbr-17.0.11\bin\java.exe
0x00007fff44290000 - 0x00007fff444a7000 	C:\Windows\SYSTEM32\ntdll.dll
0x00007fff42ce0000 - 0x00007fff42da4000 	C:\Windows\System32\KERNEL32.DLL
0x00007fff41660000 - 0x00007fff41a17000 	C:\Windows\System32\KERNELBASE.dll
0x00007fff41a90000 - 0x00007fff41ba1000 	C:\Windows\System32\ucrtbase.dll
0x00007fff0d770000 - 0x00007fff0d787000 	C:\Users\irfan\.jdks\jbr-17.0.11\bin\jli.dll
0x00007fff0a580000 - 0x00007fff0a59b000 	C:\Users\irfan\.jdks\jbr-17.0.11\bin\VCRUNTIME140.dll
0x00007fff431c0000 - 0x00007fff4336f000 	C:\Windows\System32\USER32.dll
0x00007fff2e630000 - 0x00007fff2e8c3000 	C:\Windows\WinSxS\amd64_microsoft.windows.common-controls_6595b64144ccf1df_6.0.22621.3672_none_2713b9d173822955\COMCTL32.dll
0x00007fff41c50000 - 0x00007fff41c76000 	C:\Windows\System32\win32u.dll
0x00007fff43b70000 - 0x00007fff43c17000 	C:\Windows\System32\msvcrt.dll
0x00007fff41fc0000 - 0x00007fff41fe9000 	C:\Windows\System32\GDI32.dll
0x00007fff41d30000 - 0x00007fff41e48000 	C:\Windows\System32\gdi32full.dll
0x00007fff41bb0000 - 0x00007fff41c4a000 	C:\Windows\System32\msvcp_win.dll
0x00007fff42db0000 - 0x00007fff42de1000 	C:\Windows\System32\IMM32.DLL
0x00007fff3d920000 - 0x00007fff3d92c000 	C:\Users\irfan\.jdks\jbr-17.0.11\bin\vcruntime140_1.dll
0x00007ffeef780000 - 0x00007ffeef80d000 	C:\Users\irfan\.jdks\jbr-17.0.11\bin\msvcp140.dll
0x00007ffee9e20000 - 0x00007ffeeaaa3000 	C:\Users\irfan\.jdks\jbr-17.0.11\bin\server\jvm.dll
0x00007fff42b00000 - 0x00007fff42bb2000 	C:\Windows\System32\ADVAPI32.dll
0x00007fff43f90000 - 0x00007fff44038000 	C:\Windows\System32\sechost.dll
0x00007fff41c80000 - 0x00007fff41ca8000 	C:\Windows\System32\bcrypt.dll
0x00007fff42bc0000 - 0x00007fff42cd4000 	C:\Windows\System32\RPCRT4.dll
0x00007fff40450000 - 0x00007fff4049d000 	C:\Windows\SYSTEM32\POWRPROF.dll
0x00007fff3d530000 - 0x00007fff3d564000 	C:\Windows\SYSTEM32\WINMM.dll
0x00007fff2fb90000 - 0x00007fff2fb99000 	C:\Windows\SYSTEM32\WSOCK32.dll
0x00007fff43f10000 - 0x00007fff43f81000 	C:\Windows\System32\WS2_32.dll
0x00007fff3ac40000 - 0x00007fff3ac4a000 	C:\Windows\SYSTEM32\VERSION.dll
0x00007fff40430000 - 0x00007fff40443000 	C:\Windows\SYSTEM32\UMPDC.dll
0x00007fff406e0000 - 0x00007fff406f8000 	C:\Windows\SYSTEM32\kernel.appcore.dll
0x00007fff2f310000 - 0x00007fff2f31a000 	C:\Users\irfan\.jdks\jbr-17.0.11\bin\jimage.dll
0x00007fff2a3f0000 - 0x00007fff2a622000 	C:\Windows\SYSTEM32\DBGHELP.DLL
0x00007fff42df0000 - 0x00007fff4317e000 	C:\Windows\System32\combase.dll
0x00007fff421b0000 - 0x00007fff42287000 	C:\Windows\System32\OLEAUT32.dll
0x00007fff29b10000 - 0x00007fff29b42000 	C:\Windows\SYSTEM32\dbgcore.DLL
0x00007fff41cb0000 - 0x00007fff41d2b000 	C:\Windows\System32\bcryptPrimitives.dll
0x00007fff09390000 - 0x00007fff093b5000 	C:\Users\irfan\.jdks\jbr-17.0.11\bin\java.dll
0x00007ffeee5b0000 - 0x00007ffeee687000 	C:\Users\irfan\.jdks\jbr-17.0.11\bin\jsvml.dll
0x00007fff42290000 - 0x00007fff42af9000 	C:\Windows\System32\SHELL32.dll
0x00007fff3f520000 - 0x00007fff3fe1f000 	C:\Windows\SYSTEM32\windows.storage.dll
0x00007fff3f3e0000 - 0x00007fff3f51f000 	C:\Windows\SYSTEM32\wintypes.dll
0x00007fff43a10000 - 0x00007fff43b09000 	C:\Windows\System32\SHCORE.dll
0x00007fff441f0000 - 0x00007fff4424e000 	C:\Windows\System32\shlwapi.dll
0x00007fff414d0000 - 0x00007fff414f7000 	C:\Windows\SYSTEM32\profapi.dll
0x00007fff05fb0000 - 0x00007fff05fc9000 	C:\Users\irfan\.jdks\jbr-17.0.11\bin\net.dll
0x00007fff3d0f0000 - 0x00007fff3d226000 	C:\Windows\SYSTEM32\WINHTTP.dll
0x00007fff40b50000 - 0x00007fff40bb9000 	C:\Windows\system32\mswsock.dll
0x00007ffef0150000 - 0x00007ffef0166000 	C:\Users\irfan\.jdks\jbr-17.0.11\bin\nio.dll
0x00007fff0a560000 - 0x00007fff0a578000 	C:\Users\irfan\.jdks\jbr-17.0.11\bin\zip.dll
0x00007fff3dc50000 - 0x00007fff3dc60000 	C:\Users\irfan\.jdks\jbr-17.0.11\bin\verify.dll

dbghelp: loaded successfully - version: 4.0.5 - missing functions: none
symbol engine: initialized successfully - sym options: 0x614 - pdb path: .;C:\Users\irfan\.jdks\jbr-17.0.11\bin;C:\Windows\SYSTEM32;C:\Windows\WinSxS\amd64_microsoft.windows.common-controls_6595b64144ccf1df_6.0.22621.3672_none_2713b9d173822955;C:\Users\irfan\.jdks\jbr-17.0.11\bin\server

VM Arguments:
java_command: org.jetbrains.kotlin.cli.jvm.K2JVMCompiler @C:\Users\irfan\AndroidStudioProjects\RentEase\app\build\20250222_4294019035245693621.compiler.options
java_class_path (initial): C:\Users\irfan\.gradle\caches\modules-2\files-2.1\org.jetbrains.kotlin\kotlin-compiler-embeddable\1.9.24\78dab849090e6c5e2eadb6e59a11cdc28fb67a08\kotlin-compiler-embeddable-1.9.24.jar;C:\Users\irfan\.gradle\caches\modules-2\files-2.1\org.jetbrains.kotlin\kotlin-stdlib\1.9.24\9928532f12c66ad816a625b3f9984f8368ca6d2b\kotlin-stdlib-1.9.24.jar;C:\Users\irfan\.gradle\caches\modules-2\files-2.1\org.jetbrains.kotlin\kotlin-script-runtime\1.9.24\96771497da90fbc5af1c90fce148db2595a62502\kotlin-script-runtime-1.9.24.jar;C:\Users\irfan\.gradle\caches\modules-2\files-2.1\org.jetbrains.kotlin\kotlin-reflect\1.6.10\1cbe9c92c12a94eea200d23c2bbaedaf3daf5132\kotlin-reflect-1.6.10.jar;C:\Users\irfan\.gradle\caches\modules-2\files-2.1\org.jetbrains.kotlin\kotlin-daemon-embeddable\1.9.24\86685b9c5e8d170925bd9ddbdc263374a6a73281\kotlin-daemon-embeddable-1.9.24.jar;C:\Users\irfan\.gradle\caches\modules-2\files-2.1\org.jetbrains.intellij.deps\trove4j\1.0.20200330\3afb14d5f9ceb459d724e907a21145e8ff394f02\trove4j-1.0.20200330.jar;C:\Users\irfan\.gradle\caches\modules-2\files-2.1\org.jetbrains\annotations\13.0\919f0dfe192fb4e063e7dacadee7f8bb9a2672a9\annotations-13.0.jar
Launcher Type: SUN_STANDARD

[Global flags]
     intx CICompilerCount                          = 3                                         {product} {ergonomic}
     uint ConcGCThreads                            = 1                                         {product} {ergonomic}
     uint G1ConcRefinementThreads                  = 4                                         {product} {ergonomic}
   size_t G1HeapRegionSize                         = 1048576                                   {product} {ergonomic}
    uintx GCDrainStackTargetSize                   = 64                                        {product} {ergonomic}
   size_t InitialHeapSize                          = 134217728                                 {product} {ergonomic}
   size_t MarkStackSize                            = 4194304                                   {product} {ergonomic}
   size_t MaxHeapSize                              = 2126512128                                {product} {ergonomic}
   size_t MaxNewSize                               = 1275068416                                {product} {ergonomic}
   size_t MinHeapDeltaBytes                        = 1048576                                   {product} {ergonomic}
   size_t MinHeapSize                              = 8388608                                   {product} {ergonomic}
    uintx NonNMethodCodeHeapSize                   = 5832780                                {pd product} {ergonomic}
    uintx NonProfiledCodeHeapSize                  = 122912730                              {pd product} {ergonomic}
    uintx ProfiledCodeHeapSize                     = 122912730                              {pd product} {ergonomic}
    uintx ReservedCodeCacheSize                    = 251658240                              {pd product} {ergonomic}
     bool SegmentedCodeCache                       = true                                      {product} {ergonomic}
   size_t SoftMaxHeapSize                          = 2126512128                             {manageable} {ergonomic}
     bool UseCompressedClassPointers               = true                           {product lp64_product} {ergonomic}
     bool UseCompressedOops                        = true                           {product lp64_product} {ergonomic}
     bool UseG1GC                                  = true                                      {product} {ergonomic}
     bool UseLargePagesIndividualAllocation        = false                                  {pd product} {ergonomic}

Logging:
Log output configuration:
 #0: stdout all=warning uptime,level,tags
 #1: stderr all=off uptime,level,tags

Environment Variables:
PATH=C:\Windows\system32;C:\Windows;C:\Windows\System32\Wbem;C:\Windows\System32\WindowsPowerShell\v1.0\;C:\Windows\System32\OpenSSH\;C:\Program Files\Git\cmd;C:\Users\irfan\AppData\Local\Microsoft\WindowsApps;
USERNAME=Syed Saddam
OS=Windows_NT
PROCESSOR_IDENTIFIER=Intel64 Family 6 Model 61 Stepping 4, GenuineIntel
TMP=C:\Users\irfan\AppData\Local\Temp
TEMP=C:\Users\irfan\AppData\Local\Temp



Periodic native trim disabled

JNI global refs:
JNI global refs: 10, weak refs: 13

JNI global refs memory usage: 843, weak refs: 841

Process memory usage:
Resident Set Size: 405828K (4% of 8301008K total physical memory with 368880K free physical memory)

OOME stack traces (most recent first):
Classloader memory used:
